// Jest Snapshot v1, https://goo.gl/fbAQLP

exports[`should generate common js 1`] = `
"// test/entries/mock.a.js
console.log(\\"from mock a.js\\");
//# sourceMappingURL=commons.js.map
"
`;

exports[`should generate vendor js 1`] = `
"(() => {
  var __create = Object.create;
  var __defProp = Object.defineProperty;
  var __getProtoOf = Object.getPrototypeOf;
  var __hasOwnProp = Object.prototype.hasOwnProperty;
  var __getOwnPropNames = Object.getOwnPropertyNames;
  var __getOwnPropDesc = Object.getOwnPropertyDescriptor;
  var __markAsModule = (target) => __defProp(target, \\"__esModule\\", {value: true});
  var __commonJS = (cb, mod) => () => (mod || cb((mod = {exports: {}}).exports, mod), mod.exports);
  var __reExport = (target, module, desc) => {
    if (module && typeof module === \\"object\\" || typeof module === \\"function\\") {
      for (let key of __getOwnPropNames(module))
        if (!__hasOwnProp.call(target, key) && key !== \\"default\\")
          __defProp(target, key, {get: () => module[key], enumerable: !(desc = __getOwnPropDesc(module, key)) || desc.enumerable});
    }
    return target;
  };
  var __toModule = (module) => {
    return __reExport(__markAsModule(__defProp(module != null ? __create(__getProtoOf(module)) : {}, \\"default\\", module && module.__esModule && \\"default\\" in module ? {get: () => module.default, enumerable: true} : {value: module, enumerable: true})), module);
  };

  // test/entries/mock.a.js
  var require_mock_a = __commonJS(() => {
    console.log(\\"from mock a.js\\");
  });

  // test/entries/mock.b.js
  var require_mock_b = __commonJS(() => {
    console.log(\\"from mock b.js\\");
  });

  // lib/.prebundle/entry.js
  var __WEBPACK_PREBUNDLE_GLOBAL_USERSZINDEXDESKTOPWEBPACKPREBUILDPLUGINTESTENTRIESMOCKAJS = __toModule(require_mock_a());
  var __WEBPACK_PREBUNDLE_GLOBAL_USERSZINDEXDESKTOPWEBPACKPREBUILDPLUGINTESTENTRIESMOCKBJS = __toModule(require_mock_b());
  var wrapper = (m) => {
    if (m.default) {
      m.__esModule = true;
    }
    return m;
  };
  window.__WEBPACK_PREBUNDLE_GLOBAL_USERSZINDEXDESKTOPWEBPACKPREBUILDPLUGINTESTENTRIESMOCKAJS = wrapper(__WEBPACK_PREBUNDLE_GLOBAL_USERSZINDEXDESKTOPWEBPACKPREBUILDPLUGINTESTENTRIESMOCKAJS);
  window.__WEBPACK_PREBUNDLE_GLOBAL_USERSZINDEXDESKTOPWEBPACKPREBUILDPLUGINTESTENTRIESMOCKBJS = wrapper(__WEBPACK_PREBUNDLE_GLOBAL_USERSZINDEXDESKTOPWEBPACKPREBUILDPLUGINTESTENTRIESMOCKBJS);
})();
//# sourceMappingURL=vendors.js.map
"
`;
